%!Adobe-FontList 1.18
%Locale:0x409

%BeginFont
Handler:DirectoryHandler
FontType:Type1
FontName:Lobster1.3
FamilyName:Lobster 1.3
StyleName:Regular
MenuName:Lobster 1.3
StyleBits:0
WeightClass:400
WidthClass:5
AngleClass:0
FullName:Lobster 1.3
WritingScript:Roman
OutlineFileName:\Lobster_1.3.otf
DataFormat:sfntData
UsesStandardEncoding:yes
isCFF:yes
hasSVG:no
FileLength:42564
FileModTime:1370354950
NameArray:0,Mac,4,Lobster 1.3
NameArray:0,Win,1,Lobster 1.3
%EndFont

%BeginFont
Handler:DirectoryHandler
FontType:Type1
FontName:MinionPro-Regular
FamilyName:Minion Pro
StyleName:Regular
MenuName:Minion Pro
StyleBits:0
WeightClass:400
WidthClass:5
AngleClass:0
FullName:Minion Pro
WritingScript:Roman
OutlineFileName:\MinionPro-Regular.otf
DataFormat:sfntData
UsesStandardEncoding:yes
isCFF:yes
hasSVG:no
FileLength:231312
FileModTime:1278670032
DesignSize:110
NameArray:0,Mac,4,Minion Pro
NameArray:0,Win,1,Minion Pro
%EndFont

%BeginFont
Handler:DirectoryHandler
FontType:TrueType
FontName:Myriad-CnWeb
FamilyName:Myriad Condensed Web
StyleName:Regular
MenuName:Myriad Condensed Web
StyleBits:0
WeightClass:400
WidthClass:3
AngleClass:0
FullName:Myriad Condensed Web
WritingScript:Roman
OutlineFileName:\Myriad Condensed Web
DataFormat:sfntResource
ResourceID:7306
hasSVG:no
FileLength:155469
FileModTime:876415903
NameArray:0,Mac,4,Myriad Condensed Web
NameArray:0,Win,1,Myriad Condensed Web
%EndFont

%BeginFont
Handler:DirectoryHandler
FontType:TrueType
FontName:Myriad-CnItWeb
FamilyName:Myriad Condensed Web
StyleName:Italic
MenuName:Myriad Condensed Web
StyleBits:1
WeightClass:400
WidthClass:3
AngleClass:1
FullName:Myriad Condensed Web Italic
WritingScript:Roman
OutlineFileName:\Myriad Condensed Web
DataFormat:sfntResource
ResourceID:7307
hasSVG:no
FileLength:155469
FileModTime:876415903
NameArray:0,Mac,4,Myriad Condensed Web Italic
NameArray:0,Win,1,Myriad Condensed Web
%EndFont

%BeginFont
Handler:DirectoryHandler
FontType:Suitcase
FontName:Myriad-CnWeb
OutlineFileName:\Myriad Condensed Web
ResourceID:7306
MacStyle:0
FileLength:155469
FileModTime:876415903
%EndFont

%BeginFont
Handler:DirectoryHandler
FontType:Suitcase
FontName:Myriad-Cn
OutlineFileName:\Myriad Condensed Web
ResourceID:7306
MacStyle:1
FileLength:155469
FileModTime:876415903
%EndFont

%BeginFont
Handler:DirectoryHandler
FontType:Suitcase
FontName:Myriad-CnItWeb
OutlineFileName:\Myriad Condensed Web
ResourceID:7306
MacStyle:2
FileLength:155469
FileModTime:876415903
%EndFont

%BeginFont
Handler:DirectoryHandler
FontType:Suitcase
FontName:Myriad-CnItWeb
OutlineFileName:\Myriad Condensed Web
ResourceID:7307
MacStyle:0
FileLength:155469
FileModTime:876415903
%EndFont

%BeginFont
Handler:DirectoryHandler
FontType:Suitcase
FontName:Myriad-CnItWeb
OutlineFileName:\Myriad Condensed Web
ResourceID:7307
MacStyle:1
FileLength:155469
FileModTime:876415903
%EndFont

%BeginFont
Handler:DirectoryHandler
FontType:Type1
FontName:MyriadPro-BoldCond
FamilyName:Myriad Pro
StyleName:Bold Condensed
MenuName:Myriad Pro Cond
StyleBits:2
WeightClass:700
WidthClass:3
AngleClass:0
FullName:Myriad Pro Bold Condensed
WritingScript:Roman
OutlineFileName:\MyriadPro-BoldCond.otf
DataFormat:sfntData
UsesStandardEncoding:yes
isCFF:yes
hasSVG:no
FileLength:96368
FileModTime:1193886646
DesignSize:110
NameArray:0,Mac,18,Myriad Pro Bold Cond
NameArray:0,Mac,4,Myriad Pro Bold Condensed
NameArray:0,Win,1,Myriad Pro Cond
NameArray:0,Win,16,Myriad Pro
%EndFont

%BeginFont
Handler:DirectoryHandler
FontType:Type1
FontName:MyriadPro-Cond
FamilyName:Myriad Pro
StyleName:Condensed
MenuName:Myriad Pro Cond
StyleBits:0
WeightClass:400
WidthClass:3
AngleClass:0
FullName:Myriad Pro Condensed
WritingScript:Roman
OutlineFileName:\MyriadPro-Cond.otf
DataFormat:sfntData
UsesStandardEncoding:yes
isCFF:yes
hasSVG:no
FileLength:93864
FileModTime:1193886646
DesignSize:110
NameArray:0,Mac,18,Myriad Pro Cond
NameArray:0,Mac,4,Myriad Pro Condensed
NameArray:0,Win,1,Myriad Pro Cond
NameArray:0,Win,16,Myriad Pro
%EndFont

%BeginFont
Handler:DirectoryHandler
FontType:Type1
FontName:MyriadPro-LightCond
FamilyName:Myriad Pro
StyleName:Light Condensed
MenuName:Myriad Pro Light Cond
StyleBits:0
WeightClass:300
WidthClass:3
AngleClass:0
FullName:Myriad Pro Light Condensed
WritingScript:Roman
OutlineFileName:\MyriadPro-LightCond.otf
DataFormat:sfntData
UsesStandardEncoding:yes
isCFF:yes
hasSVG:no
FileLength:88744
FileModTime:1193886648
DesignSize:110
NameArray:0,Mac,18,Myriad Pro Light Cond
NameArray:0,Mac,4,Myriad Pro Light Condensed
NameArray:0,Win,1,Myriad Pro Light Cond
NameArray:0,Win,16,Myriad Pro
%EndFont

%BeginFont
Handler:DirectoryHandler
FontType:Type1
FontName:MyriadPro-Regular
FamilyName:Myriad Pro
StyleName:Regular
MenuName:Myriad Pro
StyleBits:0
WeightClass:400
WidthClass:5
AngleClass:0
FullName:Myriad Pro
WritingScript:Roman
OutlineFileName:\MyriadPro-Regular.otf
DataFormat:sfntData
UsesStandardEncoding:yes
isCFF:yes
hasSVG:no
FileLength:95984
FileModTime:1193886648
DesignSize:110
NameArray:0,Mac,4,Myriad Pro
NameArray:0,Win,1,Myriad Pro
%EndFont

%BeginFont
Handler:DirectoryHandler
FontType:Type1
FontName:MyriadPro-Semibold
FamilyName:Myriad Pro
StyleName:Semibold
MenuName:Myriad Pro Light
StyleBits:2
WeightClass:600
WidthClass:5
AngleClass:0
FullName:Myriad Pro Semibold
WritingScript:Roman
OutlineFileName:\MyriadPro-Semibold.otf
DataFormat:sfntData
UsesStandardEncoding:yes
isCFF:yes
hasSVG:no
FileLength:97332
FileModTime:1193886648
DesignSize:110
NameArray:0,Mac,4,Myriad Pro Semibold
NameArray:0,Win,1,Myriad Pro Light
NameArray:0,Win,16,Myriad Pro
%EndFont

%BeginFont
Handler:DirectoryHandler
FontType:Type1
FontName:MyriadPro-SemiboldCond
FamilyName:Myriad Pro
StyleName:Semibold Condensed
MenuName:Myriad Pro Light Cond
StyleBits:2
WeightClass:600
WidthClass:3
AngleClass:0
FullName:Myriad Pro Semibold Condensed
WritingScript:Roman
OutlineFileName:\MyriadPro-SemiboldCond.otf
DataFormat:sfntData
UsesStandardEncoding:yes
isCFF:yes
hasSVG:no
FileLength:94716
FileModTime:1193886648
DesignSize:110
NameArray:0,Mac,18,Myriad Pro Semibold Cond
NameArray:0,Mac,4,Myriad Pro Semibold Condensed
NameArray:0,Win,1,Myriad Pro Light Cond
NameArray:0,Win,16,Myriad Pro
%EndFont

